// Jest Snapshot v1, https://goo.gl/fbAQLP

exports[`ThreeDotsIcon renders a svg icon 1`] = `
<div>
  <svg
    height="26px"
    viewBox="0 0 26 26"
    width="26px"
  >
    <g
      fill="none"
      fill-rule="evenodd"
      stroke="none"
      stroke-width="1"
    >
      <circle
        cx="19"
        cy="13"
        fill="#A5A5A5"
        r="2"
      />
      <circle
        cx="13"
        cy="13"
        fill="#A5A5A5"
        r="2"
      />
      <circle
        cx="7"
        cy="13"
        fill="#A5A5A5"
        r="2"
      />
    </g>
  </svg>
</div>
`;
